../Core/lvgl/src/core/lv_event.c:51:10:lv_event_send	56	static
../Core/lvgl/src/core/lv_event.c:82:10:lv_obj_event_base	24	static
../Core/lvgl/src/core/lv_event.c:110:11:lv_event_get_target	16	static
../Core/lvgl/src/core/lv_event.c:114:11:lv_event_get_current_target	16	static
../Core/lvgl/src/core/lv_event.c:118:17:lv_event_get_code	16	static
../Core/lvgl/src/core/lv_event.c:122:7:lv_event_get_param	16	static
../Core/lvgl/src/core/lv_event.c:126:7:lv_event_get_user_data	16	static
../Core/lvgl/src/core/lv_event.c:130:6:lv_event_stop_bubbling	16	static
../Core/lvgl/src/core/lv_event.c:134:6:lv_event_stop_processing	16	static
../Core/lvgl/src/core/lv_event.c:138:10:lv_event_register_id	4	static
../Core/lvgl/src/core/lv_event.c:144:6:_lv_event_mark_deleted	24	static
../Core/lvgl/src/core/lv_event.c:154:25:lv_obj_add_event_cb	32	static
../Core/lvgl/src/core/lv_event.c:173:6:lv_obj_remove_event_cb	32	static
../Core/lvgl/src/core/lv_event.c:198:6:lv_obj_remove_event_cb_with_user_data	40	static
../Core/lvgl/src/core/lv_event.c:225:6:lv_obj_remove_event_dsc	32	static
../Core/lvgl/src/core/lv_event.c:250:7:lv_obj_get_event_user_data	24	static
../Core/lvgl/src/core/lv_event.c:263:13:lv_event_get_indev	16	static
../Core/lvgl/src/core/lv_event.c:283:25:lv_event_get_draw_part_dsc	16	static
../Core/lvgl/src/core/lv_event.c:293:16:lv_event_get_draw_ctx	16	static
../Core/lvgl/src/core/lv_event.c:306:18:lv_event_get_old_size	16	static
../Core/lvgl/src/core/lv_event.c:315:10:lv_event_get_key	24	static
../Core/lvgl/src/core/lv_event.c:328:12:lv_event_get_scroll_anim	16	static
../Core/lvgl/src/core/lv_event.c:337:6:lv_event_set_ext_draw_size	24	static
../Core/lvgl/src/core/lv_event.c:346:13:lv_event_get_self_size_info	16	static
../Core/lvgl/src/core/lv_event.c:355:21:lv_event_get_hit_test_info	16	static
../Core/lvgl/src/core/lv_event.c:364:18:lv_event_get_cover_area	24	static
../Core/lvgl/src/core/lv_event.c:374:6:lv_event_set_cover_res	24	static
../Core/lvgl/src/core/lv_event.c:388:24:lv_obj_get_event_dsc	16	static
../Core/lvgl/src/core/lv_event.c:399:17:event_send_core	32	static
../Core/lvgl/src/core/lv_event.c:472:13:event_is_bubbled	16	static
