../Core/lvgl/src/core/../misc/../font/../misc/lv_area.h:123:26:lv_area_get_width	16	static
../Core/lvgl/src/core/../misc/../font/../misc/lv_area.h:132:26:lv_area_get_height	16	static
../Core/lvgl/src/core/lv_obj_style_gen.h:109:26:lv_obj_get_style_pad_top	24	static
../Core/lvgl/src/core/lv_obj_style_gen.h:115:26:lv_obj_get_style_pad_bottom	24	static
../Core/lvgl/src/core/lv_obj_style_gen.h:121:26:lv_obj_get_style_pad_left	24	static
../Core/lvgl/src/core/lv_obj_style_gen.h:127:26:lv_obj_get_style_pad_right	24	static
../Core/lvgl/src/core/lv_indev_scroll.c:49:6:_lv_indev_scroll_handler	48	static
../Core/lvgl/src/core/lv_indev_scroll.c:105:6:_lv_indev_scroll_throw_handler	64	static
../Core/lvgl/src/core/lv_indev_scroll.c:224:12:lv_indev_scroll_throw_predict	24	static
../Core/lvgl/src/core/lv_indev_scroll.c:249:6:lv_indev_scroll_get_snap_dist	16	static
../Core/lvgl/src/core/lv_indev_scroll.c:258:18:find_scroll_obj	56	static
../Core/lvgl/src/core/lv_indev_scroll.c:384:13:init_scroll_limits	40	static
../Core/lvgl/src/core/lv_indev_scroll.c:470:19:find_snap_point_x	64	static
../Core/lvgl/src/core/lv_indev_scroll.c:532:19:find_snap_point_y	64	static
../Core/lvgl/src/core/lv_indev_scroll.c:585:13:scroll_limit_diff	24	static
../Core/lvgl/src/core/lv_indev_scroll.c:616:19:scroll_throw_predict_y	32	static
../Core/lvgl/src/core/lv_indev_scroll.c:630:19:scroll_throw_predict_x	32	static
../Core/lvgl/src/core/lv_indev_scroll.c:644:19:elastic_diff	48	static
