../Core/lvgl/src/core/../misc/lv_color.h:435:48:lv_color_mix	24	static
../Core/lvgl/src/core/../misc/lv_anim.h:125:20:lv_anim_set_var	16	static
../Core/lvgl/src/core/../misc/lv_anim.h:136:20:lv_anim_set_exec_cb	16	static
../Core/lvgl/src/core/../misc/lv_anim.h:145:20:lv_anim_set_time	16	static
../Core/lvgl/src/core/../misc/lv_anim.h:154:20:lv_anim_set_delay	16	static
../Core/lvgl/src/core/../misc/lv_anim.h:164:20:lv_anim_set_values	24	static
../Core/lvgl/src/core/../misc/lv_anim.h:190:20:lv_anim_set_path_cb	16	static
../Core/lvgl/src/core/../misc/lv_anim.h:199:20:lv_anim_set_start_cb	16	static
../Core/lvgl/src/core/../misc/lv_anim.h:220:20:lv_anim_set_ready_cb	16	static
../Core/lvgl/src/core/../misc/lv_anim.h:277:20:lv_anim_set_early_apply	16	static
../Core/lvgl/src/core/../misc/lv_bidi.h:126:20:lv_bidi_calculate_align	24	static
../Core/lvgl/src/core/../misc/lv_style.h:557:20:lv_style_prop_has_flag	16	static
../Core/lvgl/src/core/lv_obj_style_gen.h:1:26:lv_obj_get_style_width	24	static
../Core/lvgl/src/core/lv_obj_style_gen.h:19:26:lv_obj_get_style_height	24	static
../Core/lvgl/src/core/lv_obj_style_gen.h:81:26:lv_obj_get_style_transform_zoom	24	static
../Core/lvgl/src/core/lv_obj_style_gen.h:88:26:lv_obj_get_style_transform_angle	24	static
../Core/lvgl/src/core/lv_obj_style_gen.h:525:31:lv_obj_get_style_text_align	24	static
../Core/lvgl/src/core/lv_obj_style_gen.h:543:24:lv_obj_get_style_opa	24	static
../Core/lvgl/src/core/lv_obj_style_gen.h:549:44:lv_obj_get_style_color_filter_dsc	24	static
../Core/lvgl/src/core/lv_obj_style_gen.h:556:24:lv_obj_get_style_color_filter_opa	24	static
../Core/lvgl/src/core/lv_obj_style_gen.h:587:31:lv_obj_get_style_blend_mode	24	static
../Core/lvgl/src/core/lv_obj_style_gen.h:599:29:lv_obj_get_style_base_dir	24	static
../Core/lvgl/src/core/lv_obj_style.c:73:6:_lv_obj_style_init	8	static
../Core/lvgl/src/core/lv_obj_style.c:77:6:lv_obj_add_style	32	static
../Core/lvgl/src/core/lv_obj_style.c:110:6:lv_obj_remove_style	56	static
../Core/lvgl/src/core/lv_obj_style.c:161:6:lv_obj_report_style_change	24	static
../Core/lvgl/src/core/lv_obj_style.c:175:6:lv_obj_refresh_style	40	static
../Core/lvgl/src/core/lv_obj_style.c:232:6:lv_obj_enable_style_refresh	16	static
../Core/lvgl/src/core/lv_obj_style.c:236:18:lv_obj_get_style_prop	40	static
../Core/lvgl/src/core/lv_obj_style.c:287:6:lv_obj_set_local_style_prop	32	static
../Core/lvgl/src/core/lv_obj_style.c:294:6:lv_obj_set_local_style_prop_meta	32	static
../Core/lvgl/src/core/lv_obj_style.c:301:16:lv_obj_get_local_style_prop	32	static
../Core/lvgl/src/core/lv_obj_style.c:313:6:lv_obj_remove_local_style_prop	32	static
../Core/lvgl/src/core/lv_obj_style.c:332:6:_lv_obj_style_create_transition	112	static
../Core/lvgl/src/core/lv_obj_style.c:392:18:_lv_obj_style_apply_color_filter	32	static
../Core/lvgl/src/core/lv_obj_style.c:406:23:_lv_obj_style_state_compare	40	static
../Core/lvgl/src/core/lv_obj_style.c:502:6:lv_obj_fade_in	96	static
../Core/lvgl/src/core/lv_obj_style.c:514:6:lv_obj_fade_out	96	static
../Core/lvgl/src/core/lv_obj_style.c:525:12:lv_obj_style_get_selector_state	16	static
../Core/lvgl/src/core/lv_obj_style.c:529:11:lv_obj_style_get_selector_part	16	static
../Core/lvgl/src/core/lv_obj_style.c:533:17:lv_obj_calculate_style_text_align	32	static
../Core/lvgl/src/core/lv_obj_style.c:552:20:get_local_style	32	static
../Core/lvgl/src/core/lv_obj_style.c:588:25:get_trans_style	32	static
../Core/lvgl/src/core/lv_obj_style.c:616:23:get_prop_core	72	static
../Core/lvgl/src/core/lv_obj_style.c:697:13:report_style_change_core	24	static
../Core/lvgl/src/core/lv_obj_style.c:717:13:refresh_children_style	32	static
../Core/lvgl/src/core/lv_obj_style.c:739:13:trans_del	40	static
../Core/lvgl/src/core/lv_obj_style.c:777:13:trans_anim_cb	40	static
../Core/lvgl/src/core/lv_obj_style.c:860:13:trans_anim_start_cb	40	static
../Core/lvgl/src/core/lv_obj_style.c:880:13:trans_anim_ready_cb	48	static
../Core/lvgl/src/core/lv_obj_style.c:921:24:calculate_layer_type	16	static
../Core/lvgl/src/core/lv_obj_style.c:936:13:fade_anim_cb	16	static
../Core/lvgl/src/core/lv_obj_style.c:940:13:fade_in_anim_ready	16	static
