../Core/lvgl/src/core/../misc/../font/../misc/lv_area.h:111:20:lv_area_copy	16	static
../Core/lvgl/src/core/../misc/../font/../misc/lv_area.h:123:26:lv_area_get_width	16	static
../Core/lvgl/src/core/../misc/../font/../misc/lv_area.h:132:26:lv_area_get_height	16	static
../Core/lvgl/src/core/lv_obj_style_gen.h:1:26:lv_obj_get_style_width	24	static
../Core/lvgl/src/core/lv_obj_style_gen.h:7:26:lv_obj_get_style_min_width	24	static
../Core/lvgl/src/core/lv_obj_style_gen.h:13:26:lv_obj_get_style_max_width	24	static
../Core/lvgl/src/core/lv_obj_style_gen.h:19:26:lv_obj_get_style_height	24	static
../Core/lvgl/src/core/lv_obj_style_gen.h:25:26:lv_obj_get_style_min_height	24	static
../Core/lvgl/src/core/lv_obj_style_gen.h:31:26:lv_obj_get_style_max_height	24	static
../Core/lvgl/src/core/lv_obj_style_gen.h:37:26:lv_obj_get_style_x	24	static
../Core/lvgl/src/core/lv_obj_style_gen.h:43:26:lv_obj_get_style_y	24	static
../Core/lvgl/src/core/lv_obj_style_gen.h:49:26:lv_obj_get_style_align	24	static
../Core/lvgl/src/core/lv_obj_style_gen.h:69:26:lv_obj_get_style_translate_x	24	static
../Core/lvgl/src/core/lv_obj_style_gen.h:75:26:lv_obj_get_style_translate_y	24	static
../Core/lvgl/src/core/lv_obj_style_gen.h:81:26:lv_obj_get_style_transform_zoom	24	static
../Core/lvgl/src/core/lv_obj_style_gen.h:88:26:lv_obj_get_style_transform_angle	24	static
../Core/lvgl/src/core/lv_obj_style_gen.h:95:26:lv_obj_get_style_transform_pivot_x	24	static
../Core/lvgl/src/core/lv_obj_style_gen.h:102:26:lv_obj_get_style_transform_pivot_y	24	static
../Core/lvgl/src/core/lv_obj_style_gen.h:109:26:lv_obj_get_style_pad_top	24	static
../Core/lvgl/src/core/lv_obj_style_gen.h:115:26:lv_obj_get_style_pad_bottom	24	static
../Core/lvgl/src/core/lv_obj_style_gen.h:121:26:lv_obj_get_style_pad_left	24	static
../Core/lvgl/src/core/lv_obj_style_gen.h:127:26:lv_obj_get_style_pad_right	24	static
../Core/lvgl/src/core/lv_obj_style_gen.h:271:26:lv_obj_get_style_border_width	24	static
../Core/lvgl/src/core/lv_obj_style_gen.h:593:24:lv_obj_get_style_layout	24	static
../Core/lvgl/src/core/lv_obj_style_gen.h:599:29:lv_obj_get_style_base_dir	24	static
../Core/lvgl/src/core/lv_obj_pos.c:44:6:lv_obj_set_pos	16	static
../Core/lvgl/src/core/lv_obj_pos.c:51:6:lv_obj_set_x	24	static
../Core/lvgl/src/core/lv_obj_pos.c:64:6:lv_obj_set_y	24	static
../Core/lvgl/src/core/lv_obj_pos.c:77:6:lv_obj_refr_size	72	static
../Core/lvgl/src/core/lv_obj_pos.c:211:6:lv_obj_set_size	16	static
../Core/lvgl/src/core/lv_obj_pos.c:218:6:lv_obj_set_width	24	static
../Core/lvgl/src/core/lv_obj_pos.c:230:6:lv_obj_set_height	24	static
../Core/lvgl/src/core/lv_obj_pos.c:242:6:lv_obj_set_content_width	24	static
../Core/lvgl/src/core/lv_obj_pos.c:250:6:lv_obj_set_content_height	24	static
../Core/lvgl/src/core/lv_obj_pos.c:258:6:lv_obj_set_layout	16	static
../Core/lvgl/src/core/lv_obj_pos.c:266:6:lv_obj_is_layout_positioned	24	static
../Core/lvgl/src/core/lv_obj_pos.c:283:6:lv_obj_mark_layout_as_dirty	24	static
../Core/lvgl/src/core/lv_obj_pos.c:296:6:lv_obj_update_layout	24	static
../Core/lvgl/src/core/lv_obj_pos.c:317:10:lv_layout_register	16	static
../Core/lvgl/src/core/lv_obj_pos.c:328:6:lv_obj_set_align	16	static
../Core/lvgl/src/core/lv_obj_pos.c:332:6:lv_obj_align	24	static
../Core/lvgl/src/core/lv_obj_pos.c:338:6:lv_obj_align_to	56	static
../Core/lvgl/src/core/lv_obj_pos.c:492:6:lv_obj_get_coords	16	static
../Core/lvgl/src/core/lv_obj_pos.c:498:12:lv_obj_get_x	24	static
../Core/lvgl/src/core/lv_obj_pos.c:514:12:lv_obj_get_x2	24	static
../Core/lvgl/src/core/lv_obj_pos.c:520:12:lv_obj_get_y	24	static
../Core/lvgl/src/core/lv_obj_pos.c:536:12:lv_obj_get_y2	24	static
../Core/lvgl/src/core/lv_obj_pos.c:542:12:lv_obj_get_x_aligned	16	static
../Core/lvgl/src/core/lv_obj_pos.c:546:12:lv_obj_get_y_aligned	16	static
../Core/lvgl/src/core/lv_obj_pos.c:550:12:lv_obj_get_width	16	static
../Core/lvgl/src/core/lv_obj_pos.c:556:12:lv_obj_get_height	16	static
../Core/lvgl/src/core/lv_obj_pos.c:562:12:lv_obj_get_content_width	24	static
../Core/lvgl/src/core/lv_obj_pos.c:572:12:lv_obj_get_content_height	24	static
../Core/lvgl/src/core/lv_obj_pos.c:582:6:lv_obj_get_content_coords	24	static
../Core/lvgl/src/core/lv_obj_pos.c:595:12:lv_obj_get_self_width	24	static
../Core/lvgl/src/core/lv_obj_pos.c:601:12:lv_obj_get_self_height	24	static
../Core/lvgl/src/core/lv_obj_pos.c:607:6:lv_obj_refresh_self_size	24	static
../Core/lvgl/src/core/lv_obj_pos.c:617:6:lv_obj_refr_pos	40	static
../Core/lvgl/src/core/lv_obj_pos.c:701:6:lv_obj_move_to	64	static
../Core/lvgl/src/core/lv_obj_pos.c:777:6:lv_obj_move_children_by	40	static
../Core/lvgl/src/core/lv_obj_pos.c:794:6:lv_obj_transform_point	32	static
../Core/lvgl/src/core/lv_obj_pos.c:815:6:lv_obj_get_transformed_area	40	static
../Core/lvgl/src/core/lv_obj_pos.c:833:6:lv_obj_invalidate_area	32	static
../Core/lvgl/src/core/lv_obj_pos.c:848:6:lv_obj_invalidate	32	static
../Core/lvgl/src/core/lv_obj_pos.c:864:6:lv_obj_area_is_visible	48	static
../Core/lvgl/src/core/lv_obj_pos.c:916:6:lv_obj_is_visible	32	static
../Core/lvgl/src/core/lv_obj_pos.c:931:6:lv_obj_set_ext_click_area	16	static
../Core/lvgl/src/core/lv_obj_pos.c:938:6:lv_obj_get_click_area	16	static
../Core/lvgl/src/core/lv_obj_pos.c:948:6:lv_obj_hit_test	40	static
../Core/lvgl/src/core/lv_obj_pos.c:971:12:lv_clamp_width	16	static
../Core/lvgl/src/core/lv_obj_pos.c:980:12:lv_clamp_height	16	static
../Core/lvgl/src/core/lv_obj_pos.c:993:19:calc_content_width	64	static
../Core/lvgl/src/core/lv_obj_pos.c:1088:19:calc_content_height	56	static
../Core/lvgl/src/core/lv_obj_pos.c:1144:13:layout_update_core	40	static
../Core/lvgl/src/core/lv_obj_pos.c:1170:13:transform_point	40	static
