../Core/lvgl/src/draw/sw/../../misc/lv_area.h:111:20:lv_area_copy	16	static
../Core/lvgl/src/draw/sw/../../misc/lv_area.h:123:26:lv_area_get_width	16	static
../Core/lvgl/src/draw/sw/../../misc/lv_area.h:132:26:lv_area_get_height	16	static
../Core/lvgl/src/draw/sw/lv_draw_sw_rect.c:74:6:lv_draw_sw_rect	24	static
../Core/lvgl/src/draw/sw/lv_draw_sw_rect.c:90:6:lv_draw_sw_bg	24	static
../Core/lvgl/src/draw/sw/lv_draw_sw_rect.c:104:13:draw_bg	160	static
../Core/lvgl/src/draw/sw/lv_draw_sw_rect.c:347:13:draw_bg_img	152	static
../Core/lvgl/src/draw/sw/lv_draw_sw_rect.c:425:13:draw_border	72	static
../Core/lvgl/src/draw/sw/lv_draw_sw_rect.c:469:35:draw_shadow	216	static
../Core/lvgl/src/draw/sw/lv_draw_sw_rect.c:1030:35:shadow_draw_corner_buf	128	static
../Core/lvgl/src/draw/sw/lv_draw_sw_rect.c:1124:35:shadow_blur_corner	80	static
../Core/lvgl/src/draw/sw/lv_draw_sw_rect.c:1209:13:draw_outline	88	static
../Core/lvgl/src/draw/sw/lv_draw_sw_rect.c:1253:6:draw_border_generic	168	static
../Core/lvgl/src/draw/sw/lv_draw_sw_rect.c:1487:13:draw_border_simple	64	static
