../Core/lvgl/src/draw/sw/../../misc/lv_color.h:435:48:lv_color_mix	24	static
../Core/lvgl/src/draw/sw/../../misc/lv_color.h:464:42:lv_color_premult	16	static
../Core/lvgl/src/draw/sw/../../misc/lv_color.h:489:48:lv_color_mix_premult	24	static
../Core/lvgl/src/draw/sw/../../misc/lv_color.h:590:26:lv_color_make	16	static
../Core/lvgl/src/draw/sw/../../misc/lv_color.h:693:26:lv_color_black	8	static
../Core/lvgl/src/draw/sw/../../misc/lv_area.h:123:26:lv_area_get_width	16	static
../Core/lvgl/src/draw/sw/../../misc/lv_area.h:132:26:lv_area_get_height	16	static
../Core/lvgl/src/draw/sw/lv_draw_sw_blend.c:101:6:lv_draw_sw_blend	24	static
../Core/lvgl/src/draw/sw/lv_draw_sw_blend.c:117:28:lv_draw_sw_blend_basic	88	static
../Core/lvgl/src/draw/sw/lv_draw_sw_blend.c:217:13:fill_set_px	80	static
../Core/lvgl/src/draw/sw/lv_draw_sw_blend.c:250:35:fill_normal	88	static
../Core/lvgl/src/draw/sw/lv_draw_sw_blend.c:547:13:fill_blended	64	static
../Core/lvgl/src/draw/sw/lv_draw_sw_blend.c:625:13:map_set_px	80	static
../Core/lvgl/src/draw/sw/lv_draw_sw_blend.c:664:35:map_normal	64	static
../Core/lvgl/src/draw/sw/lv_draw_sw_blend.c:901:13:map_blended	64	static
../Core/lvgl/src/draw/sw/lv_draw_sw_blend.c:983:26:color_blend_true_color_additive	24	static
../Core/lvgl/src/draw/sw/lv_draw_sw_blend.c:1039:26:color_blend_true_color_subtractive	24	static
../Core/lvgl/src/draw/sw/lv_draw_sw_blend.c:1068:26:color_blend_true_color_multiply	16	static
