../Core/lvgl/src/draw/sw/../../misc/lv_color.h:372:24:lv_color_to32	24	static
../Core/lvgl/src/draw/sw/lv_draw_sw_gradient.c:65:17:compute_key	24	static
../Core/lvgl/src/draw/sw/lv_draw_sw_gradient.c:72:15:get_cache_item_size	24	static
../Core/lvgl/src/draw/sw/lv_draw_sw_gradient.c:83:19:next_in_cache	24	static
../Core/lvgl/src/draw/sw/lv_draw_sw_gradient.c:98:17:iterate_cache	32	static
../Core/lvgl/src/draw/sw/lv_draw_sw_gradient.c:111:17:find_oldest_item_life	24	static
../Core/lvgl/src/draw/sw/lv_draw_sw_gradient.c:118:13:free_item	32	static
../Core/lvgl/src/draw/sw/lv_draw_sw_gradient.c:140:17:kill_oldest_item	24	static
../Core/lvgl/src/draw/sw/lv_draw_sw_gradient.c:150:17:find_item	24	static
../Core/lvgl/src/draw/sw/lv_draw_sw_gradient.c:157:19:allocate_item	40	static
../Core/lvgl/src/draw/sw/lv_draw_sw_gradient.c:233:6:lv_gradient_free_cache	8	static
../Core/lvgl/src/draw/sw/lv_draw_sw_gradient.c:239:6:lv_gradient_set_cache_size	16	static
../Core/lvgl/src/draw/sw/lv_draw_sw_gradient.c:247:12:lv_gradient_get	40	static
../Core/lvgl/src/draw/sw/lv_draw_sw_gradient.c:292:39:lv_gradient_calculate	56	static
../Core/lvgl/src/draw/sw/lv_draw_sw_gradient.c:337:6:lv_gradient_cleanup	16	static
