../Core/lvgl/src/extra/themes/mono/../../../../src/hal/../draw/../misc/lv_color.h:590:26:lv_color_make	16	static
../Core/lvgl/src/extra/themes/mono/../../../../src/hal/../draw/../misc/lv_color.h:690:26:lv_color_white	8	static
../Core/lvgl/src/extra/themes/mono/../../../../src/hal/../draw/../misc/lv_color.h:693:26:lv_color_black	8	static
../Core/lvgl/src/extra/themes/mono/../../../../src/hal/../draw/../misc/lv_style.h:525:20:lv_style_set_pad_all	16	static
../Core/lvgl/src/extra/themes/mono/../../../../src/hal/../draw/../misc/lv_style.h:542:20:lv_style_set_pad_gap	16	static
../Core/lvgl/src/extra/themes/mono/lv_theme_mono.c:76:13:style_init	24	static
../Core/lvgl/src/extra/themes/mono/lv_theme_mono.c:164:6:lv_theme_mono_is_inited	4	static
../Core/lvgl/src/extra/themes/mono/lv_theme_mono.c:168:13:lv_theme_mono_init	24	static
../Core/lvgl/src/extra/themes/mono/lv_theme_mono.c:197:13:theme_apply	24	static
../Core/lvgl/src/extra/themes/mono/lv_theme_mono.c:509:13:style_init_reset	16	static
