../Core/lvgl/src/draw/../misc/../font/../misc/lv_area.h:111:20:lv_area_copy	16	static
../Core/lvgl/src/draw/../misc/../font/../misc/lv_area.h:123:26:lv_area_get_width	16	static
../Core/lvgl/src/draw/../misc/../font/../misc/lv_area.h:132:26:lv_area_get_height	16	static
../Core/lvgl/src/draw/lv_draw_mask.c:83:9:lv_draw_mask_add	24	static
../Core/lvgl/src/draw/lv_draw_mask.c:112:42:lv_draw_mask_apply	56	static
../Core/lvgl/src/draw/lv_draw_mask.c:147:42:lv_draw_mask_apply_ids	64	static
../Core/lvgl/src/draw/lv_draw_mask.c:177:7:lv_draw_mask_remove_id	24	static
../Core/lvgl/src/draw/lv_draw_mask.c:195:7:lv_draw_mask_remove_custom	24	static
../Core/lvgl/src/draw/lv_draw_mask.c:214:6:lv_draw_mask_free_param	32	static
../Core/lvgl/src/draw/lv_draw_mask.c:232:6:_lv_draw_mask_cleanup	16	static
../Core/lvgl/src/draw/lv_draw_mask.c:246:31:lv_draw_mask_get_cnt	16	static
../Core/lvgl/src/draw/lv_draw_mask.c:255:6:lv_draw_mask_is_any	32	static
../Core/lvgl/src/draw/lv_draw_mask.c:292:6:lv_draw_mask_line_points_init	48	static
../Core/lvgl/src/draw/lv_draw_mask.c:391:6:lv_draw_mask_line_angle_init	48	static
../Core/lvgl/src/draw/lv_draw_mask.c:418:6:lv_draw_mask_angle_init	48	static
../Core/lvgl/src/draw/lv_draw_mask.c:478:6:lv_draw_mask_radius_init	40	static
../Core/lvgl/src/draw/lv_draw_mask.c:545:6:lv_draw_mask_fade_init	24	static
../Core/lvgl/src/draw/lv_draw_mask.c:563:6:lv_draw_mask_map_init	24	static
../Core/lvgl/src/draw/lv_draw_mask.c:571:6:lv_draw_mask_polygon_init	32	static
../Core/lvgl/src/draw/lv_draw_mask.c:602:49:lv_draw_mask_line	48	static
../Core/lvgl/src/draw/lv_draw_mask.c:671:49:line_mask_flat	64	static
../Core/lvgl/src/draw/lv_draw_mask.c:788:49:line_mask_steep	80	static
../Core/lvgl/src/draw/lv_draw_mask.c:941:49:lv_draw_mask_angle	104	static
../Core/lvgl/src/draw/lv_draw_mask.c:1123:49:lv_draw_mask_radius	104	static
../Core/lvgl/src/draw/lv_draw_mask.c:1245:49:lv_draw_mask_fade	56	static
../Core/lvgl/src/draw/lv_draw_mask.c:1294:49:lv_draw_mask_map	48	static
../Core/lvgl/src/draw/lv_draw_mask.c:1331:49:lv_draw_mask_polygon	144	static
../Core/lvgl/src/draw/lv_draw_mask.c:1419:13:circ_init	24	static
../Core/lvgl/src/draw/lv_draw_mask.c:1430:13:circ_cont	16	static
../Core/lvgl/src/draw/lv_draw_mask.c:1439:13:circ_next	16	static
../Core/lvgl/src/draw/lv_draw_mask.c:1450:13:circ_calc_aa4	96	static
../Core/lvgl/src/draw/lv_draw_mask.c:1606:18:get_next_line	24	static
../Core/lvgl/src/draw/lv_draw_mask.c:1613:46:mask_mix	16	static
