../Core/lvgl/src/draw/../misc/../font/../misc/lv_area.h:123:26:lv_area_get_width	16	static
../Core/lvgl/src/draw/../misc/../font/../misc/lv_area.h:132:26:lv_area_get_height	16	static
../Core/lvgl/src/draw/../misc/lv_color.h:590:26:lv_color_make	16	static
../Core/lvgl/src/draw/../misc/lv_color.h:690:26:lv_color_white	8	static
../Core/lvgl/src/draw/../misc/lv_color.h:693:26:lv_color_black	8	static
../Core/lvgl/src/draw/lv_draw_rect.c:37:28:lv_draw_rect_dsc_init	24	static
../Core/lvgl/src/draw/lv_draw_rect.c:61:6:lv_draw_rect	24	static
