../Core/lvgl/src/extra/widgets/span/../../../../src/hal/../draw/../misc/../font/../misc/lv_area.h:123:26:lv_area_get_width	16	static
../Core/lvgl/src/extra/widgets/span/../../../../src/hal/../draw/../misc/../font/lv_font.h:123:26:lv_font_get_line_height	16	static
../Core/lvgl/src/extra/widgets/span/../../../../src/hal/../draw/../misc/lv_txt.h:167:20:_lv_txt_is_break_char	24	static
../Core/lvgl/src/extra/widgets/span/../../../../src/core/lv_obj_style_gen.h:1:26:lv_obj_get_style_width	24	static
../Core/lvgl/src/extra/widgets/span/../../../../src/core/lv_obj_style_gen.h:19:26:lv_obj_get_style_height	24	static
../Core/lvgl/src/extra/widgets/span/../../../../src/core/lv_obj_style_gen.h:480:26:lv_obj_get_style_text_color	24	static
../Core/lvgl/src/extra/widgets/span/../../../../src/core/lv_obj_style_gen.h:493:24:lv_obj_get_style_text_opa	24	static
../Core/lvgl/src/extra/widgets/span/../../../../src/core/lv_obj_style_gen.h:499:32:lv_obj_get_style_text_font	24	static
../Core/lvgl/src/extra/widgets/span/../../../../src/core/lv_obj_style_gen.h:505:26:lv_obj_get_style_text_letter_space	24	static
../Core/lvgl/src/extra/widgets/span/../../../../src/core/lv_obj_style_gen.h:512:26:lv_obj_get_style_text_line_space	24	static
../Core/lvgl/src/extra/widgets/span/../../../../src/core/lv_obj_style_gen.h:519:31:lv_obj_get_style_text_decor	24	static
../Core/lvgl/src/extra/widgets/span/../../../../src/core/lv_obj_style_gen.h:525:31:lv_obj_get_style_text_align	24	static
../Core/lvgl/src/extra/widgets/span/../../../../src/core/lv_obj_style_gen.h:543:24:lv_obj_get_style_opa	24	static
../Core/lvgl/src/extra/widgets/span/../../../../src/core/lv_obj_style_gen.h:587:31:lv_obj_get_style_blend_mode	24	static
../Core/lvgl/src/extra/widgets/span/lv_span.c:90:11:lv_spangroup_create	24	static
../Core/lvgl/src/extra/widgets/span/lv_span.c:96:12:lv_spangroup_new_span	24	static
../Core/lvgl/src/extra/widgets/span/lv_span.c:116:6:lv_spangroup_del_span	24	static
../Core/lvgl/src/extra/widgets/span/lv_span.c:144:6:lv_span_set_text	24	static
../Core/lvgl/src/extra/widgets/span/lv_span.c:160:6:lv_span_set_text_static	16	static
../Core/lvgl/src/extra/widgets/span/lv_span.c:174:6:lv_spangroup_set_align	16	static
../Core/lvgl/src/extra/widgets/span/lv_span.c:178:6:lv_spangroup_set_overflow	24	static
../Core/lvgl/src/extra/widgets/span/lv_span.c:188:6:lv_spangroup_set_indent	24	static
../Core/lvgl/src/extra/widgets/span/lv_span.c:199:6:lv_spangroup_set_mode	24	static
../Core/lvgl/src/extra/widgets/span/lv_span.c:206:6:lv_spangroup_set_lines	24	static
../Core/lvgl/src/extra/widgets/span/lv_span.c:217:12:lv_spangroup_get_child	40	static
../Core/lvgl/src/extra/widgets/span/lv_span.c:252:10:lv_spangroup_get_child_cnt	24	static
../Core/lvgl/src/extra/widgets/span/lv_span.c:264:17:lv_spangroup_get_align	16	static
../Core/lvgl/src/extra/widgets/span/lv_span.c:268:20:lv_spangroup_get_overflow	24	static
../Core/lvgl/src/extra/widgets/span/lv_span.c:274:12:lv_spangroup_get_indent	24	static
../Core/lvgl/src/extra/widgets/span/lv_span.c:280:16:lv_spangroup_get_mode	24	static
../Core/lvgl/src/extra/widgets/span/lv_span.c:286:9:lv_spangroup_get_lines	24	static
../Core/lvgl/src/extra/widgets/span/lv_span.c:292:6:lv_spangroup_refr_mode	32	static
../Core/lvgl/src/extra/widgets/span/lv_span.c:323:12:lv_spangroup_get_max_line_h	40	static
../Core/lvgl/src/extra/widgets/span/lv_span.c:341:10:lv_spangroup_get_expand_width	56	static
../Core/lvgl/src/extra/widgets/span/lv_span.c:374:12:lv_spangroup_get_expand_height	128	static
../Core/lvgl/src/extra/widgets/span/lv_span.c:491:13:lv_spangroup_constructor	24	static
../Core/lvgl/src/extra/widgets/span/lv_span.c:505:13:lv_spangroup_destructor	24	static
../Core/lvgl/src/extra/widgets/span/lv_span.c:521:13:lv_spangroup_event	40	static
../Core/lvgl/src/extra/widgets/span/lv_span.c:573:13:draw_main	24	static
../Core/lvgl/src/extra/widgets/span/lv_span.c:583:13:lv_txt_get_snippet	40	static
../Core/lvgl/src/extra/widgets/span/lv_span.c:603:13:lv_snippet_push	16	static
../Core/lvgl/src/extra/widgets/span/lv_span.c:614:17:lv_get_snippet_cnt	4	static
../Core/lvgl/src/extra/widgets/span/lv_span.c:618:22:lv_get_snippet	16	static
../Core/lvgl/src/extra/widgets/span/lv_span.c:622:13:lv_snippet_clear	4	static
../Core/lvgl/src/extra/widgets/span/lv_span.c:626:25:lv_span_get_style_text_font	32	static
../Core/lvgl/src/extra/widgets/span/lv_span.c:639:19:lv_span_get_style_text_letter_space	24	static
../Core/lvgl/src/extra/widgets/span/lv_span.c:653:19:lv_span_get_style_text_color	24	static
../Core/lvgl/src/extra/widgets/span/lv_span.c:662:17:lv_span_get_style_text_opa	24	static
../Core/lvgl/src/extra/widgets/span/lv_span.c:674:24:lv_span_get_style_text_blend_mode	24	static
../Core/lvgl/src/extra/widgets/span/lv_span.c:687:16:lv_span_get_style_text_decor	32	static
../Core/lvgl/src/extra/widgets/span/lv_span.c:701:20:span_text_check	16	static
../Core/lvgl/src/extra/widgets/span/lv_span.c:708:19:convert_indent_pct	24	static
../Core/lvgl/src/extra/widgets/span/lv_span.c:729:13:lv_draw_span	288	static
../Core/lvgl/src/extra/widgets/span/lv_span.c:1033:13:refresh_self_size	24	static
