../Core/lvgl/src/extra/widgets/meter/../../../../src/misc/lv_math.h:49:45:lv_trigo_cos	16	static
../Core/lvgl/src/extra/widgets/meter/../../../../src/hal/../draw/../misc/../font/../misc/lv_area.h:123:26:lv_area_get_width	16	static
../Core/lvgl/src/extra/widgets/meter/../../../../src/hal/../draw/../misc/../font/../misc/lv_area.h:132:26:lv_area_get_height	16	static
../Core/lvgl/src/extra/widgets/meter/../../../../src/hal/../draw/../misc/lv_color.h:435:48:lv_color_mix	24	static
../Core/lvgl/src/extra/widgets/meter/../../../../src/core/lv_obj_style_gen.h:1:26:lv_obj_get_style_width	24	static
../Core/lvgl/src/extra/widgets/meter/../../../../src/core/lv_obj_style_gen.h:19:26:lv_obj_get_style_height	24	static
../Core/lvgl/src/extra/widgets/meter/../../../../src/core/lv_obj_style_gen.h:449:20:lv_obj_get_style_arc_rounded	24	static
../Core/lvgl/src/extra/widgets/meter/../../../../src/core/lv_obj_style_gen.h:543:24:lv_obj_get_style_opa	24	static
../Core/lvgl/src/extra/widgets/meter/lv_meter.c:54:11:lv_meter_create	24	static
../Core/lvgl/src/extra/widgets/meter/lv_meter.c:65:19:lv_meter_add_scale	24	static
../Core/lvgl/src/extra/widgets/meter/lv_meter.c:85:6:lv_meter_set_scale_ticks	24	static
../Core/lvgl/src/extra/widgets/meter/lv_meter.c:94:6:lv_meter_set_scale_major_ticks	24	static
../Core/lvgl/src/extra/widgets/meter/lv_meter.c:105:6:lv_meter_set_scale_range	24	static
../Core/lvgl/src/extra/widgets/meter/lv_meter.c:118:23:lv_meter_add_needle_line	32	static
../Core/lvgl/src/extra/widgets/meter/lv_meter.c:138:23:lv_meter_add_needle_img	32	static
../Core/lvgl/src/extra/widgets/meter/lv_meter.c:158:23:lv_meter_add_arc	32	static
../Core/lvgl/src/extra/widgets/meter/lv_meter.c:177:23:lv_meter_add_scale_lines	32	static
../Core/lvgl/src/extra/widgets/meter/lv_meter.c:202:6:lv_meter_set_indicator_value	32	static
../Core/lvgl/src/extra/widgets/meter/lv_meter.c:222:6:lv_meter_set_indicator_start_value	32	static
../Core/lvgl/src/extra/widgets/meter/lv_meter.c:238:6:lv_meter_set_indicator_end_value	32	static
../Core/lvgl/src/extra/widgets/meter/lv_meter.c:258:13:lv_meter_constructor	24	static
../Core/lvgl/src/extra/widgets/meter/lv_meter.c:269:13:lv_meter_destructor	24	static
../Core/lvgl/src/extra/widgets/meter/lv_meter.c:278:13:lv_meter_event	112	static
../Core/lvgl/src/extra/widgets/meter/lv_meter.c:315:13:draw_arcs	160	static
../Core/lvgl/src/extra/widgets/meter/lv_meter.c:367:13:draw_ticks_and_labels	400	static
../Core/lvgl/src/extra/widgets/meter/lv_meter.c:563:13:draw_needles	200	static
../Core/lvgl/src/extra/widgets/meter/lv_meter.c:649:13:inv_arc	96	static
../Core/lvgl/src/extra/widgets/meter/lv_meter.c:677:13:inv_line	96	static
