../Core/lvgl/example/porting/lv_port_indev_template.c:70:6:lv_port_indev_init	8	static
../Core/lvgl/example/porting/lv_port_indev_template.c:190:13:touchpad_init	8	static
../Core/lvgl/example/porting/lv_port_indev_template.c:202:13:touchpad_read	16	static
../Core/lvgl/example/porting/lv_port_indev_template.c:216:13:touchpad_is_pressed	4	static
../Core/lvgl/example/porting/lv_port_indev_template.c:223:13:touchpad_get_xy	16	static
../Core/lvgl/example/porting/lv_port_indev_template.c:233:13:mouse_init	4	static
../Core/lvgl/example/porting/lv_port_indev_template.c:238:13:mouse_read	16	static
../Core/lvgl/example/porting/lv_port_indev_template.c:251:13:mouse_is_pressed	4	static
../Core/lvgl/example/porting/lv_port_indev_template.c:258:13:mouse_get_xy	16	static
../Core/lvgl/example/porting/lv_port_indev_template.c:270:13:keypad_init	4	static
../Core/lvgl/example/porting/lv_port_indev_template.c:275:13:keypad_read	24	static
../Core/lvgl/example/porting/lv_port_indev_template.c:314:17:keypad_get_key	4	static
../Core/lvgl/example/porting/lv_port_indev_template.c:325:13:encoder_init	4	static
../Core/lvgl/example/porting/lv_port_indev_template.c:330:13:encoder_read	16	static
../Core/lvgl/example/porting/lv_port_indev_template.c:337:13:encoder_handler	4	static
../Core/lvgl/example/porting/lv_port_indev_template.c:349:13:button_init	4	static
../Core/lvgl/example/porting/lv_port_indev_template.c:354:13:button_read	24	static
../Core/lvgl/example/porting/lv_port_indev_template.c:373:15:button_get_pressed_id	16	static
../Core/lvgl/example/porting/lv_port_indev_template.c:389:13:button_is_pressed	16	static
