../Core/lvgl/src/widgets/../core/lv_obj_style_gen.h:109:26:lv_obj_get_style_pad_top	24	static
../Core/lvgl/src/widgets/../core/lv_obj_style_gen.h:115:26:lv_obj_get_style_pad_bottom	24	static
../Core/lvgl/src/widgets/../core/lv_obj_style_gen.h:121:26:lv_obj_get_style_pad_left	24	static
../Core/lvgl/src/widgets/../core/lv_obj_style_gen.h:127:26:lv_obj_get_style_pad_right	24	static
../Core/lvgl/src/widgets/../core/lv_obj_style_gen.h:443:26:lv_obj_get_style_arc_width	24	static
../Core/lvgl/src/widgets/../core/lv_obj_style_gen.h:449:20:lv_obj_get_style_arc_rounded	24	static
../Core/lvgl/src/widgets/lv_arc.c:61:11:lv_arc_create	24	static
../Core/lvgl/src/widgets/lv_arc.c:80:6:lv_arc_set_start_angle	24	static
../Core/lvgl/src/widgets/lv_arc.c:109:6:lv_arc_set_end_angle	24	static
../Core/lvgl/src/widgets/lv_arc.c:137:6:lv_arc_set_angles	16	static
../Core/lvgl/src/widgets/lv_arc.c:142:6:lv_arc_set_bg_start_angle	24	static
../Core/lvgl/src/widgets/lv_arc.c:169:6:lv_arc_set_bg_end_angle	24	static
../Core/lvgl/src/widgets/lv_arc.c:196:6:lv_arc_set_bg_angles	16	static
../Core/lvgl/src/widgets/lv_arc.c:201:6:lv_arc_set_rotation	24	static
../Core/lvgl/src/widgets/lv_arc.c:210:6:lv_arc_set_mode	32	static
../Core/lvgl/src/widgets/lv_arc.c:239:6:lv_arc_set_value	24	static
../Core/lvgl/src/widgets/lv_arc.c:257:6:lv_arc_set_range	24	static
../Core/lvgl/src/widgets/lv_arc.c:277:6:lv_arc_set_change_rate	24	static
../Core/lvgl/src/widgets/lv_arc.c:288:10:lv_arc_get_angle_start	16	static
../Core/lvgl/src/widgets/lv_arc.c:293:10:lv_arc_get_angle_end	16	static
../Core/lvgl/src/widgets/lv_arc.c:298:10:lv_arc_get_bg_angle_start	16	static
../Core/lvgl/src/widgets/lv_arc.c:303:10:lv_arc_get_bg_angle_end	16	static
../Core/lvgl/src/widgets/lv_arc.c:308:9:lv_arc_get_value	16	static
../Core/lvgl/src/widgets/lv_arc.c:313:9:lv_arc_get_min_value	16	static
../Core/lvgl/src/widgets/lv_arc.c:318:9:lv_arc_get_max_value	16	static
../Core/lvgl/src/widgets/lv_arc.c:323:15:lv_arc_get_mode	16	static
../Core/lvgl/src/widgets/lv_arc.c:332:6:lv_arc_align_obj_to_angle	64	static
../Core/lvgl/src/widgets/lv_arc.c:353:6:lv_arc_rotate_obj_to_angle	56	static
../Core/lvgl/src/widgets/lv_arc.c:384:13:lv_arc_constructor	24	static
../Core/lvgl/src/widgets/lv_arc.c:412:13:lv_arc_event	152	static
../Core/lvgl/src/widgets/lv_arc.c:623:13:lv_arc_draw	216	static
../Core/lvgl/src/widgets/lv_arc.c:706:13:inv_arc_area	72	static
../Core/lvgl/src/widgets/lv_arc.c:745:13:inv_knob_area	32	static
../Core/lvgl/src/widgets/lv_arc.c:755:13:get_center	48	static
../Core/lvgl/src/widgets/lv_arc.c:772:19:get_angle	32	static
../Core/lvgl/src/widgets/lv_arc.c:791:13:get_knob_area	56	static
../Core/lvgl/src/widgets/lv_arc.c:816:13:value_update	48	static
