../Core/lvgl/src/widgets/../core/../misc/../font/../misc/lv_area.h:111:20:lv_area_copy	16	static
../Core/lvgl/src/widgets/../core/../misc/../font/../misc/lv_area.h:123:26:lv_area_get_width	16	static
../Core/lvgl/src/widgets/../core/../misc/../font/../misc/lv_area.h:132:26:lv_area_get_height	16	static
../Core/lvgl/src/widgets/../core/lv_obj_style_gen.h:109:26:lv_obj_get_style_pad_top	24	static
../Core/lvgl/src/widgets/../core/lv_obj_style_gen.h:115:26:lv_obj_get_style_pad_bottom	24	static
../Core/lvgl/src/widgets/../core/lv_obj_style_gen.h:121:26:lv_obj_get_style_pad_left	24	static
../Core/lvgl/src/widgets/../core/lv_obj_style_gen.h:127:26:lv_obj_get_style_pad_right	24	static
../Core/lvgl/src/widgets/../core/lv_obj_style_gen.h:133:26:lv_obj_get_style_pad_row	24	static
../Core/lvgl/src/widgets/../core/lv_obj_style_gen.h:139:26:lv_obj_get_style_pad_column	24	static
../Core/lvgl/src/widgets/../core/lv_obj_style_gen.h:599:29:lv_obj_get_style_base_dir	24	static
../Core/lvgl/src/widgets/lv_btnmatrix.c:80:11:lv_btnmatrix_create	24	static
../Core/lvgl/src/widgets/lv_btnmatrix.c:91:6:lv_btnmatrix_set_map	104	static
../Core/lvgl/src/widgets/lv_btnmatrix.c:189:6:lv_btnmatrix_set_ctrl_map	24	static
../Core/lvgl/src/widgets/lv_btnmatrix.c:200:6:lv_btnmatrix_set_selected_btn	24	static
../Core/lvgl/src/widgets/lv_btnmatrix.c:213:6:lv_btnmatrix_set_btn_ctrl	24	static
../Core/lvgl/src/widgets/lv_btnmatrix.c:235:6:lv_btnmatrix_clear_btn_ctrl	24	static
../Core/lvgl/src/widgets/lv_btnmatrix.c:253:6:lv_btnmatrix_set_btn_ctrl_all	24	static
../Core/lvgl/src/widgets/lv_btnmatrix.c:264:6:lv_btnmatrix_clear_btn_ctrl_all	24	static
../Core/lvgl/src/widgets/lv_btnmatrix.c:275:6:lv_btnmatrix_set_btn_width	24	static
../Core/lvgl/src/widgets/lv_btnmatrix.c:288:6:lv_btnmatrix_set_one_checked	24	static
../Core/lvgl/src/widgets/lv_btnmatrix.c:303:14:lv_btnmatrix_get_map	24	static
../Core/lvgl/src/widgets/lv_btnmatrix.c:311:10:lv_btnmatrix_get_selected_btn	24	static
../Core/lvgl/src/widgets/lv_btnmatrix.c:319:13:lv_btnmatrix_get_btn_text	24	static
../Core/lvgl/src/widgets/lv_btnmatrix.c:347:6:lv_btnmatrix_has_btn_ctrl	24	static
../Core/lvgl/src/widgets/lv_btnmatrix.c:359:6:lv_btnmatrix_get_one_checked	24	static
../Core/lvgl/src/widgets/lv_btnmatrix.c:372:13:lv_btnmatrix_constructor	24	static
../Core/lvgl/src/widgets/lv_btnmatrix.c:389:13:lv_btnmatrix_destructor	24	static
../Core/lvgl/src/widgets/lv_btnmatrix.c:401:13:lv_btnmatrix_event	112	static
../Core/lvgl/src/widgets/lv_btnmatrix.c:689:13:draw_main	352	static
../Core/lvgl/src/widgets/lv_btnmatrix.c:874:13:allocate_btn_areas_and_controls	24	static
../Core/lvgl/src/widgets/lv_btnmatrix.c:920:16:get_button_width	24	static
../Core/lvgl/src/widgets/lv_btnmatrix.c:925:13:button_is_hidden	16	static
../Core/lvgl/src/widgets/lv_btnmatrix.c:929:13:button_is_checked	16	static
../Core/lvgl/src/widgets/lv_btnmatrix.c:933:13:button_is_repeat_disabled	16	static
../Core/lvgl/src/widgets/lv_btnmatrix.c:937:13:button_is_inactive	16	static
../Core/lvgl/src/widgets/lv_btnmatrix.c:941:13:button_is_click_trig	16	static
../Core/lvgl/src/widgets/lv_btnmatrix.c:945:13:button_is_popover	16	static
../Core/lvgl/src/widgets/lv_btnmatrix.c:949:13:button_is_checkable	16	static
../Core/lvgl/src/widgets/lv_btnmatrix.c:953:13:button_get_checked	16	static
../Core/lvgl/src/widgets/lv_btnmatrix.c:957:13:button_is_recolor	16	static
../Core/lvgl/src/widgets/lv_btnmatrix.c:966:17:get_button_from_point	56	static
../Core/lvgl/src/widgets/lv_btnmatrix.c:1030:13:invalidate_button_area	48	static
../Core/lvgl/src/widgets/lv_btnmatrix.c:1076:13:make_one_button_checked	24	static
../Core/lvgl/src/widgets/lv_btnmatrix.c:1092:13:has_popovers_in_top_row	32	static
