../Core/lvgl/src/widgets/../core/../misc/../font/../misc/lv_area.h:111:20:lv_area_copy	16	static
../Core/lvgl/src/widgets/../core/../misc/lv_color.h:590:26:lv_color_make	16	static
../Core/lvgl/src/widgets/../core/../misc/lv_color.h:594:26:lv_color_hex	24	static
../Core/lvgl/src/widgets/../core/../misc/lv_color.h:690:26:lv_color_white	8	static
../Core/lvgl/src/widgets/../core/lv_obj_style_gen.h:377:26:lv_obj_get_style_img_recolor	24	static
../Core/lvgl/src/widgets/lv_canvas.c:53:11:lv_canvas_create	24	static
../Core/lvgl/src/widgets/lv_canvas.c:64:6:lv_canvas_set_buffer	32	static
../Core/lvgl/src/widgets/lv_canvas.c:80:6:lv_canvas_set_px_color	32	static
../Core/lvgl/src/widgets/lv_canvas.c:90:6:lv_canvas_set_px_opa	32	static
../Core/lvgl/src/widgets/lv_canvas.c:100:6:lv_canvas_set_palette	24	static
../Core/lvgl/src/widgets/lv_canvas.c:113:12:lv_canvas_get_px	24	static
../Core/lvgl/src/widgets/lv_canvas.c:122:15:lv_canvas_get_img	24	static
../Core/lvgl/src/widgets/lv_canvas.c:133:6:lv_canvas_copy_buf	48	static
../Core/lvgl/src/widgets/lv_canvas.c:157:6:lv_canvas_transform	120	static
../Core/lvgl/src/widgets/lv_canvas.c:230:6:lv_canvas_blur_hor	104	static
../Core/lvgl/src/widgets/lv_canvas.c:376:6:lv_canvas_blur_ver	104	static
../Core/lvgl/src/widgets/lv_canvas.c:529:6:lv_canvas_fill_bg	40	static
../Core/lvgl/src/widgets/lv_canvas.c:557:6:lv_canvas_draw_rect	488	static
../Core/lvgl/src/widgets/lv_canvas.c:602:6:lv_canvas_draw_text	496	static
../Core/lvgl/src/widgets/lv_canvas.c:639:6:lv_canvas_draw_img	496	static
../Core/lvgl/src/widgets/lv_canvas.c:683:6:lv_canvas_draw_line	488	static
../Core/lvgl/src/widgets/lv_canvas.c:725:6:lv_canvas_draw_polygon	480	static
../Core/lvgl/src/widgets/lv_canvas.c:764:6:lv_canvas_draw_arc	488	static
../Core/lvgl/src/widgets/lv_canvas.c:813:13:lv_canvas_constructor	24	static
../Core/lvgl/src/widgets/lv_canvas.c:830:13:lv_canvas_destructor	24	static
../Core/lvgl/src/widgets/lv_canvas.c:837:13:init_fake_disp	32	static
../Core/lvgl/src/widgets/lv_canvas.c:871:13:deinit_fake_disp	16	static
