../Core/lvgl/src/widgets/../core/../misc/../font/lv_font.h:123:26:lv_font_get_line_height	16	static
../Core/lvgl/src/widgets/../core/lv_obj_style_gen.h:88:26:lv_obj_get_style_transform_angle	24	static
../Core/lvgl/src/widgets/../core/lv_obj_style_gen.h:109:26:lv_obj_get_style_pad_top	24	static
../Core/lvgl/src/widgets/../core/lv_obj_style_gen.h:115:26:lv_obj_get_style_pad_bottom	24	static
../Core/lvgl/src/widgets/../core/lv_obj_style_gen.h:121:26:lv_obj_get_style_pad_left	24	static
../Core/lvgl/src/widgets/../core/lv_obj_style_gen.h:127:26:lv_obj_get_style_pad_right	24	static
../Core/lvgl/src/widgets/../core/lv_obj_style_gen.h:271:26:lv_obj_get_style_border_width	24	static
../Core/lvgl/src/widgets/../core/lv_obj_style_gen.h:499:32:lv_obj_get_style_text_font	24	static
../Core/lvgl/src/widgets/../core/lv_obj_style_gen.h:512:26:lv_obj_get_style_text_line_space	24	static
../Core/lvgl/src/widgets/../core/lv_obj_style_gen.h:599:29:lv_obj_get_style_base_dir	24	static
../Core/lvgl/src/widgets/lv_dropdown.c:88:11:lv_dropdown_create	24	static
../Core/lvgl/src/widgets/lv_dropdown.c:99:6:lv_dropdown_set_text	24	static
../Core/lvgl/src/widgets/lv_dropdown.c:110:6:lv_dropdown_set_options	32	static
../Core/lvgl/src/widgets/lv_dropdown.c:159:6:lv_dropdown_set_options_static	24	static
../Core/lvgl/src/widgets/lv_dropdown.c:189:6:lv_dropdown_add_option	72	static
../Core/lvgl/src/widgets/lv_dropdown.c:269:6:lv_dropdown_clear_options	24	static
../Core/lvgl/src/widgets/lv_dropdown.c:287:6:lv_dropdown_set_selected	24	static
../Core/lvgl/src/widgets/lv_dropdown.c:301:6:lv_dropdown_set_dir	24	static
../Core/lvgl/src/widgets/lv_dropdown.c:313:6:lv_dropdown_set_symbol	24	static
../Core/lvgl/src/widgets/lv_dropdown.c:321:6:lv_dropdown_set_selected_highlight	24	static
../Core/lvgl/src/widgets/lv_dropdown.c:334:11:lv_dropdown_get_list	24	static
../Core/lvgl/src/widgets/lv_dropdown.c:341:13:lv_dropdown_get_text	24	static
../Core/lvgl/src/widgets/lv_dropdown.c:348:13:lv_dropdown_get_options	24	static
../Core/lvgl/src/widgets/lv_dropdown.c:355:10:lv_dropdown_get_selected	24	static
../Core/lvgl/src/widgets/lv_dropdown.c:363:10:lv_dropdown_get_option_cnt	24	static
../Core/lvgl/src/widgets/lv_dropdown.c:371:6:lv_dropdown_get_selected_str	48	static
../Core/lvgl/src/widgets/lv_dropdown.c:406:9:lv_dropdown_get_option_index	32	static
../Core/lvgl/src/widgets/lv_dropdown.c:428:13:lv_dropdown_get_symbol	24	static
../Core/lvgl/src/widgets/lv_dropdown.c:434:6:lv_dropdown_get_selected_highlight	24	static
../Core/lvgl/src/widgets/lv_dropdown.c:440:10:lv_dropdown_get_dir	24	static
../Core/lvgl/src/widgets/lv_dropdown.c:450:6:lv_dropdown_open	64	static
../Core/lvgl/src/widgets/lv_dropdown.c:560:6:lv_dropdown_close	24	static
../Core/lvgl/src/widgets/lv_dropdown.c:572:6:lv_dropdown_is_open	24	static
../Core/lvgl/src/widgets/lv_dropdown.c:583:18:lv_dropdown_list_create	24	static
../Core/lvgl/src/widgets/lv_dropdown.c:590:13:lv_dropdown_constructor	24	static
../Core/lvgl/src/widgets/lv_dropdown.c:619:13:lv_dropdown_destructor	24	static
../Core/lvgl/src/widgets/lv_dropdown.c:634:13:lv_dropdownlist_constructor	16	static
../Core/lvgl/src/widgets/lv_dropdown.c:648:13:lv_dropdownlist_destructor	32	static
../Core/lvgl/src/widgets/lv_dropdown.c:657:13:lv_dropdown_event	56	static
../Core/lvgl/src/widgets/lv_dropdown.c:737:13:lv_dropdown_list_event	32	static
../Core/lvgl/src/widgets/lv_dropdown.c:770:13:draw_main	200	static
../Core/lvgl/src/widgets/lv_dropdown.c:886:13:draw_list	56	static
../Core/lvgl/src/widgets/lv_dropdown.c:928:13:draw_box	112	static
../Core/lvgl/src/widgets/lv_dropdown.c:969:13:draw_box_label	112	static
../Core/lvgl/src/widgets/lv_dropdown.c:1018:17:btn_release_handler	32	static
../Core/lvgl/src/widgets/lv_dropdown.c:1052:17:list_release_handler	48	static
../Core/lvgl/src/widgets/lv_dropdown.c:1090:13:list_press_handler	40	static
../Core/lvgl/src/widgets/lv_dropdown.c:1106:17:get_id_on_point	40	static
../Core/lvgl/src/widgets/lv_dropdown.c:1132:13:position_to_selected	48	static
../Core/lvgl/src/widgets/lv_dropdown.c:1154:18:get_label	24	static
