E:/My_Project/qian_ru_shi_she_ji_da_sai/V3/Core/lvgl/src/misc/lv_anim.h:125:20:lv_anim_set_var	16	static
E:/My_Project/qian_ru_shi_she_ji_da_sai/V3/Core/lvgl/src/misc/lv_anim.h:136:20:lv_anim_set_exec_cb	16	static
E:/My_Project/qian_ru_shi_she_ji_da_sai/V3/Core/lvgl/src/misc/lv_anim.h:145:20:lv_anim_set_time	16	static
E:/My_Project/qian_ru_shi_she_ji_da_sai/V3/Core/lvgl/src/misc/lv_anim.h:154:20:lv_anim_set_delay	16	static
E:/My_Project/qian_ru_shi_she_ji_da_sai/V3/Core/lvgl/src/misc/lv_anim.h:164:20:lv_anim_set_values	24	static
E:/My_Project/qian_ru_shi_she_ji_da_sai/V3/Core/lvgl/src/misc/lv_anim.h:190:20:lv_anim_set_path_cb	16	static
E:/My_Project/qian_ru_shi_she_ji_da_sai/V3/Core/lvgl/src/misc/lv_anim.h:199:20:lv_anim_set_start_cb	16	static
E:/My_Project/qian_ru_shi_she_ji_da_sai/V3/Core/lvgl/src/misc/lv_anim.h:220:20:lv_anim_set_ready_cb	16	static
E:/My_Project/qian_ru_shi_she_ji_da_sai/V3/Core/lvgl/src/misc/lv_anim.h:230:20:lv_anim_set_deleted_cb	16	static
E:/My_Project/qian_ru_shi_she_ji_da_sai/V3/Core/lvgl/src/misc/lv_anim.h:240:20:lv_anim_set_playback_time	16	static
E:/My_Project/qian_ru_shi_she_ji_da_sai/V3/Core/lvgl/src/misc/lv_anim.h:249:20:lv_anim_set_playback_delay	16	static
E:/My_Project/qian_ru_shi_she_ji_da_sai/V3/Core/lvgl/src/misc/lv_anim.h:258:20:lv_anim_set_repeat_count	16	static
E:/My_Project/qian_ru_shi_she_ji_da_sai/V3/Core/lvgl/src/misc/lv_anim.h:267:20:lv_anim_set_repeat_delay	16	static
E:/My_Project/qian_ru_shi_she_ji_da_sai/V3/Core/lvgl/src/core/lv_disp.h:183:25:lv_scr_act	8	static
E:/My_Project/qian_ru_shi_she_ji_da_sai/V3/Core/lvgl/src/core/lv_disp.h:203:20:lv_scr_load	16	static
../Core/generated/gui_guider.c:19:6:ui_init_style	16	static
../Core/generated/gui_guider.c:27:6:ui_load_scr_animation	40	static
../Core/generated/gui_guider.c:47:6:ui_animation	96	static
../Core/generated/gui_guider.c:75:6:init_scr_del_flag	16	static
../Core/generated/gui_guider.c:84:6:setup_ui	16	static
../Core/generated/gui_guider.c:92:6:init_keyboard	16	static
