../Core/lvgl/src/extra/themes/basic/../../../../src/hal/../draw/../misc/lv_color.h:590:26:lv_color_make	16	static
../Core/lvgl/src/extra/themes/basic/../../../../src/hal/../draw/../misc/lv_color.h:690:26:lv_color_white	8	static
../Core/lvgl/src/extra/themes/basic/../../../../src/hal/../draw/../misc/lv_style.h:525:20:lv_style_set_pad_all	16	static
../Core/lvgl/src/extra/themes/basic/lv_theme_basic.c:67:13:style_init	16	static
../Core/lvgl/src/extra/themes/basic/lv_theme_basic.c:134:6:lv_theme_basic_is_inited	4	static
../Core/lvgl/src/extra/themes/basic/lv_theme_basic.c:138:13:lv_theme_basic_init	16	static
../Core/lvgl/src/extra/themes/basic/lv_theme_basic.c:167:13:theme_apply	24	static
../Core/lvgl/src/extra/themes/basic/lv_theme_basic.c:413:13:style_init_reset	16	static
