../Core/lvgl/src/extra/libs/qrcode/qrcodegen.c:145:6:qrcodegen_encodeText	104	static
../Core/lvgl/src/extra/libs/qrcode/qrcodegen.c:186:6:qrcodegen_encodeBinary	64	static
../Core/lvgl/src/extra/libs/qrcode/qrcodegen.c:205:15:appendBitsToBuffer	32	static
../Core/lvgl/src/extra/libs/qrcode/qrcodegen.c:217:6:qrcodegen_encodeSegments	48	static
../Core/lvgl/src/extra/libs/qrcode/qrcodegen.c:224:6:qrcodegen_encodeSegmentsAdvanced	96	static
../Core/lvgl/src/extra/libs/qrcode/qrcodegen.c:322:15:addEccAndInterleave	120	static
../Core/lvgl/src/extra/libs/qrcode/qrcodegen.c:356:14:getNumDataCodewords	32	static
../Core/lvgl/src/extra/libs/qrcode/qrcodegen.c:366:14:getNumRawDataModules	24	static
../Core/lvgl/src/extra/libs/qrcode/qrcodegen.c:381:15:calcReedSolomonGenerator	40	static
../Core/lvgl/src/extra/libs/qrcode/qrcodegen.c:404:15:calcReedSolomonRemainder	40	static
../Core/lvgl/src/extra/libs/qrcode/qrcodegen.c:423:18:finiteFieldMultiply	24	static
../Core/lvgl/src/extra/libs/qrcode/qrcodegen.c:437:15:initializeFunctionModules	48	static
../Core/lvgl/src/extra/libs/qrcode/qrcodegen.c:475:13:drawWhiteFunctionModules	88	static
../Core/lvgl/src/extra/libs/qrcode/qrcodegen.c:537:13:drawFormatBits	64	static
../Core/lvgl/src/extra/libs/qrcode/qrcodegen.c:571:14:getAlignmentPatternPositions	32	static
../Core/lvgl/src/extra/libs/qrcode/qrcodegen.c:586:13:fillRectangle	32	static
../Core/lvgl/src/extra/libs/qrcode/qrcodegen.c:598:13:drawCodewords	64	static
../Core/lvgl/src/extra/libs/qrcode/qrcodegen.c:628:13:applyMask	48	static
../Core/lvgl/src/extra/libs/qrcode/qrcodegen.c:674:13:getPenaltyScore	96	static
../Core/lvgl/src/extra/libs/qrcode/qrcodegen.c:759:13:addRunToHistory	16	static
../Core/lvgl/src/extra/libs/qrcode/qrcodegen.c:767:13:hasFinderLikePattern	24	static
../Core/lvgl/src/extra/libs/qrcode/qrcodegen.c:779:5:qrcodegen_getSize	24	static
../Core/lvgl/src/extra/libs/qrcode/qrcodegen.c:788:6:qrcodegen_getModule	32	static
../Core/lvgl/src/extra/libs/qrcode/qrcodegen.c:796:15:getModule	32	static
../Core/lvgl/src/extra/libs/qrcode/qrcodegen.c:806:15:setModule	40	static
../Core/lvgl/src/extra/libs/qrcode/qrcodegen.c:821:15:setModuleBounded	32	static
../Core/lvgl/src/extra/libs/qrcode/qrcodegen.c:828:13:getBit	16	static
../Core/lvgl/src/extra/libs/qrcode/qrcodegen.c:835:6:qrcodegen_isAlphanumeric	16	static
../Core/lvgl/src/extra/libs/qrcode/qrcodegen.c:845:6:qrcodegen_isNumeric	16	static
../Core/lvgl/src/extra/libs/qrcode/qrcodegen.c:855:8:qrcodegen_calcSegmentBufferSize	24	static
../Core/lvgl/src/extra/libs/qrcode/qrcodegen.c:872:14:calcSegmentBitLength	24	static
../Core/lvgl/src/extra/libs/qrcode/qrcodegen.c:898:26:qrcodegen_makeBytes	48	static
../Core/lvgl/src/extra/libs/qrcode/qrcodegen.c:913:26:qrcodegen_makeNumeric	72	static
../Core/lvgl/src/extra/libs/qrcode/qrcodegen.c:948:26:qrcodegen_makeAlphanumeric	72	static
../Core/lvgl/src/extra/libs/qrcode/qrcodegen.c:983:26:qrcodegen_makeEci	48	static
../Core/lvgl/src/extra/libs/qrcode/qrcodegen.c:1012:14:getTotalBits	48	static
../Core/lvgl/src/extra/libs/qrcode/qrcodegen.c:1035:12:numCharCountBits	24	static
../Core/lvgl/src/extra/libs/qrcode/qrcodegen.c:1064:5:qrcodegen_getMinFitVersion	48	static
../Core/lvgl/src/extra/libs/qrcode/qrcodegen.c:1080:5:qrcodegen_version2size	16	static
