../Core/lvgl/src/misc/lv_anim.c:56:6:_lv_anim_core_init	8	static
../Core/lvgl/src/misc/lv_anim.c:63:6:lv_anim_init	16	static
../Core/lvgl/src/misc/lv_anim.c:73:12:lv_anim_start	24	static
../Core/lvgl/src/misc/lv_anim.c:117:10:lv_anim_get_playtime	24	static
../Core/lvgl/src/misc/lv_anim.c:136:6:lv_anim_del	32	static
../Core/lvgl/src/misc/lv_anim.c:162:6:lv_anim_del_all	8	static
../Core/lvgl/src/misc/lv_anim.c:167:12:lv_anim_get	24	static
../Core/lvgl/src/misc/lv_anim.c:179:21:lv_anim_get_timer	4	static
../Core/lvgl/src/misc/lv_anim.c:183:10:lv_anim_count_running	16	static
../Core/lvgl/src/misc/lv_anim.c:192:10:lv_anim_speed_to_time	32	static
../Core/lvgl/src/misc/lv_anim.c:203:6:lv_anim_refr_now	8	static
../Core/lvgl/src/misc/lv_anim.c:207:9:lv_anim_path_linear	32	static
../Core/lvgl/src/misc/lv_anim.c:221:9:lv_anim_path_ease_in	40	static
../Core/lvgl/src/misc/lv_anim.c:234:9:lv_anim_path_ease_out	40	static
../Core/lvgl/src/misc/lv_anim.c:247:9:lv_anim_path_ease_in_out	40	static
../Core/lvgl/src/misc/lv_anim.c:260:9:lv_anim_path_overshoot	40	static
../Core/lvgl/src/misc/lv_anim.c:273:9:lv_anim_path_bounce	40	static
../Core/lvgl/src/misc/lv_anim.c:321:9:lv_anim_path_step	16	static
../Core/lvgl/src/misc/lv_anim.c:336:13:anim_timer	40	static
../Core/lvgl/src/misc/lv_anim.c:406:13:anim_ready_handler	24	static
../Core/lvgl/src/misc/lv_anim.c:454:13:anim_mark_list_change	8	static
