../Core/lvgl/src/misc/lv_fs.c:41:6:_lv_fs_init	8	static
../Core/lvgl/src/misc/lv_fs.c:45:6:lv_fs_is_ready	24	static
../Core/lvgl/src/misc/lv_fs.c:57:13:lv_fs_open	40	static
../Core/lvgl/src/misc/lv_fs.c:105:13:lv_fs_close	24	static
../Core/lvgl/src/misc/lv_fs.c:131:20:lv_fs_read_cached	80	static
../Core/lvgl/src/misc/lv_fs.c:209:13:lv_fs_read	48	static
../Core/lvgl/src/misc/lv_fs.c:234:13:lv_fs_write	48	static
../Core/lvgl/src/misc/lv_fs.c:256:13:lv_fs_seek	40	static
../Core/lvgl/src/misc/lv_fs.c:316:13:lv_fs_tell	24	static
../Core/lvgl/src/misc/lv_fs.c:338:13:lv_fs_dir_open	32	static
../Core/lvgl/src/misc/lv_fs.c:372:13:lv_fs_dir_read	24	static
../Core/lvgl/src/misc/lv_fs.c:389:13:lv_fs_dir_close	24	static
../Core/lvgl/src/misc/lv_fs.c:406:6:lv_fs_drv_init	16	static
../Core/lvgl/src/misc/lv_fs.c:410:6:lv_fs_drv_register	24	static
../Core/lvgl/src/misc/lv_fs.c:421:14:lv_fs_get_drv	24	static
../Core/lvgl/src/misc/lv_fs.c:434:7:lv_fs_get_letters	24	static
../Core/lvgl/src/misc/lv_fs.c:449:13:lv_fs_get_ext	24	static
../Core/lvgl/src/misc/lv_fs.c:462:7:lv_fs_up	24	static
../Core/lvgl/src/misc/lv_fs.c:490:13:lv_fs_get_last	24	static
../Core/lvgl/src/misc/lv_fs.c:526:20:lv_fs_get_real_path	16	static
