../Core/lvgl/src/misc/lv_tlsf.c:94:15:tlsf_ffs	16	static
../Core/lvgl/src/misc/lv_tlsf.c:100:15:tlsf_fls	24	static
../Core/lvgl/src/misc/lv_tlsf.c:379:15:block_size	16	static
../Core/lvgl/src/misc/lv_tlsf.c:383:13:block_set_size	24	static
../Core/lvgl/src/misc/lv_tlsf.c:389:12:block_is_last	16	static
../Core/lvgl/src/misc/lv_tlsf.c:393:12:block_is_free	16	static
../Core/lvgl/src/misc/lv_tlsf.c:397:13:block_set_free	16	static
../Core/lvgl/src/misc/lv_tlsf.c:401:13:block_set_used	16	static
../Core/lvgl/src/misc/lv_tlsf.c:405:12:block_is_prev_free	16	static
../Core/lvgl/src/misc/lv_tlsf.c:409:13:block_set_prev_free	16	static
../Core/lvgl/src/misc/lv_tlsf.c:413:13:block_set_prev_used	16	static
../Core/lvgl/src/misc/lv_tlsf.c:417:24:block_from_ptr	16	static
../Core/lvgl/src/misc/lv_tlsf.c:422:14:block_to_ptr	16	static
../Core/lvgl/src/misc/lv_tlsf.c:428:24:offset_to_block	16	static
../Core/lvgl/src/misc/lv_tlsf.c:433:24:block_prev	16	static
../Core/lvgl/src/misc/lv_tlsf.c:439:24:block_next	32	static
../Core/lvgl/src/misc/lv_tlsf.c:447:24:block_link_next	24	static
../Core/lvgl/src/misc/lv_tlsf.c:453:13:block_mark_as_free	24	static
../Core/lvgl/src/misc/lv_tlsf.c:460:13:block_mark_as_used	24	static
../Core/lvgl/src/misc/lv_tlsf.c:466:15:align_up	16	static
../Core/lvgl/src/misc/lv_tlsf.c:471:15:align_down	16	static
../Core/lvgl/src/misc/lv_tlsf.c:476:14:align_ptr	24	static
../Core/lvgl/src/misc/lv_tlsf.c:487:15:adjust_request_size	24	static
../Core/lvgl/src/misc/lv_tlsf.c:505:13:mapping_insert	32	static
../Core/lvgl/src/misc/lv_tlsf.c:522:13:mapping_search	32	static
../Core/lvgl/src/misc/lv_tlsf.c:531:24:search_suitable_block	40	static
../Core/lvgl/src/misc/lv_tlsf.c:562:13:remove_free_block	32	static
../Core/lvgl/src/misc/lv_tlsf.c:588:13:insert_free_block	40	static
../Core/lvgl/src/misc/lv_tlsf.c:609:13:block_remove	24	static
../Core/lvgl/src/misc/lv_tlsf.c:616:13:block_insert	24	static
../Core/lvgl/src/misc/lv_tlsf.c:622:12:block_can_split	16	static
../Core/lvgl/src/misc/lv_tlsf.c:627:24:block_split	32	static
../Core/lvgl/src/misc/lv_tlsf.c:649:24:block_absorb	16	static
../Core/lvgl/src/misc/lv_tlsf.c:658:24:block_merge_prev	24	static
../Core/lvgl/src/misc/lv_tlsf.c:672:24:block_merge_next	24	static
../Core/lvgl/src/misc/lv_tlsf.c:687:13:block_trim_free	32	static
../Core/lvgl/src/misc/lv_tlsf.c:699:13:block_trim_used	32	static
../Core/lvgl/src/misc/lv_tlsf.c:712:24:block_trim_free_leading	32	static
../Core/lvgl/src/misc/lv_tlsf.c:727:24:block_locate_free	32	static
../Core/lvgl/src/misc/lv_tlsf.c:753:14:block_prepare_used	32	static
../Core/lvgl/src/misc/lv_tlsf.c:766:13:control_constructor	24	static
../Core/lvgl/src/misc/lv_tlsf.c:792:13:integrity_walker	48	static
../Core/lvgl/src/misc/lv_tlsf.c:809:5:lv_tlsf_check	56	static
../Core/lvgl/src/misc/lv_tlsf.c:870:13:default_walker	24	static
../Core/lvgl/src/misc/lv_tlsf.c:875:6:lv_tlsf_walk_pool	48	static
../Core/lvgl/src/misc/lv_tlsf.c:886:8:lv_tlsf_block_size	24	static
../Core/lvgl/src/misc/lv_tlsf.c:895:5:lv_tlsf_check_pool	24	static
../Core/lvgl/src/misc/lv_tlsf.c:907:8:lv_tlsf_size	4	static
../Core/lvgl/src/misc/lv_tlsf.c:911:8:lv_tlsf_align_size	4	static
../Core/lvgl/src/misc/lv_tlsf.c:915:8:lv_tlsf_block_size_min	4	static
../Core/lvgl/src/misc/lv_tlsf.c:919:8:lv_tlsf_block_size_max	4	static
../Core/lvgl/src/misc/lv_tlsf.c:928:8:lv_tlsf_pool_overhead	4	static
../Core/lvgl/src/misc/lv_tlsf.c:932:8:lv_tlsf_alloc_overhead	4	static
../Core/lvgl/src/misc/lv_tlsf.c:936:11:lv_tlsf_add_pool	40	static
../Core/lvgl/src/misc/lv_tlsf.c:982:6:lv_tlsf_remove_pool	32	static
../Core/lvgl/src/misc/lv_tlsf.c:1027:11:lv_tlsf_create	16	static
../Core/lvgl/src/misc/lv_tlsf.c:1045:11:lv_tlsf_create_with_pool	32	static
../Core/lvgl/src/misc/lv_tlsf.c:1052:6:lv_tlsf_destroy	16	static
../Core/lvgl/src/misc/lv_tlsf.c:1057:11:lv_tlsf_get_pool	16	static
../Core/lvgl/src/misc/lv_tlsf.c:1061:7:lv_tlsf_malloc	32	static
../Core/lvgl/src/misc/lv_tlsf.c:1068:7:lv_tlsf_memalign	72	static
../Core/lvgl/src/misc/lv_tlsf.c:1123:8:lv_tlsf_free	32	static
../Core/lvgl/src/misc/lv_tlsf.c:1153:7:lv_tlsf_realloc	56	static
